******************************************************************************
                  TI ARM Linker PC v18.9.0                     
******************************************************************************
>> Linked Sat Feb  9 16:17:55 2019

OUTPUT FILE NAME:   <blink.out>
ENTRY POINT SYMBOL: "_c_int00_noinit_noargs"  address: 00000495


MEMORY CONFIGURATION

         name            origin    length      used     unused   attr    fill
----------------------  --------  ---------  --------  --------  ----  --------
  FLASH                 00000000   00040000  0000051c  0003fae4  R  X
  SRAM                  20000000   00008000  00000200  00007e00  RW X


SEGMENT ALLOCATION MAP

run origin  load origin   length   init length attrs members
----------  ----------- ---------- ----------- ----- -------
00000000    00000000    0000051c   0000051c    r-x
  00000000    00000000    0000026c   0000026c    r-- .intvecs
  0000026c    0000026c    000002b0   000002b0    r-x .text
20000000    20000000    00000200   00000000    rw-
  20000000    20000000    00000200   00000000    rw- .stack


SECTION ALLOCATION MAP

 output                                  attributes/
section   page    origin      length       input sections
--------  ----  ----------  ----------   ----------------
.intvecs   0    00000000    0000026c     
                  00000000    0000026c     tm4c123gh6pm_startup_ccs.obj (.intvecs)

.text      0    0000026c    000002b0     
                  0000026c    00000132     driverlib.lib : gpio.obj (.text:GPIOPadConfigSet)
                  0000039e    00000002     --HOLE-- [fill = 0]
                  000003a0    00000048     main.obj (.text)
                  000003e8    0000003e     Delay.obj (.text)
                  00000426    00000002     --HOLE-- [fill = 0]
                  00000428    00000038     driverlib.lib : sysctl.obj (.text:SysCtlPeripheralReady)
                  00000460    00000034                   : sysctl.obj (.text:SysCtlPeripheralEnable)
                  00000494    0000002c     rtsv7M4_T_le_v4SPD16_eabi.lib : boot_cortex_m.c.obj (.text:_c_int00_noinit_noargs:_c_int00_noinit_noargs)
                  000004c0    0000002a     driverlib.lib : gpio.obj (.text:GPIODirModeSet)
                  000004ea    00000018                   : gpio.obj (.text:GPIOPinTypeGPIOOutput)
                  00000502    0000000c     tm4c123gh6pm_startup_ccs.obj (.text)
                  0000050e    00000006     driverlib.lib : gpio.obj (.text:GPIOPinWrite)
                  00000514    00000004     rtsv7M4_T_le_v4SPD16_eabi.lib : pre_init.c.obj (.text:_system_pre_init)
                  00000518    00000004                                   : exit.c.obj (.text:abort:abort)

.cinit     0    00000000    00000000     UNINITIALIZED

.init_array 
*          0    00000000    00000000     UNINITIALIZED

.stack     0    20000000    00000200     UNINITIALIZED
                  20000000    00000004     rtsv7M4_T_le_v4SPD16_eabi.lib : boot_cortex_m.c.obj (.stack)
                  20000004    000001fc     --HOLE--

MODULE SUMMARY

       Module                         code   ro data   rw data
       ------                         ----   -------   -------
    .\
       tm4c123gh6pm_startup_ccs.obj   12     620       0      
       main.obj                       72     0         0      
       Delay.obj                      62     0         0      
    +--+------------------------------+------+---------+---------+
       Total:                         146    620       0      
                                                              
    D:/ti/TivaWare_C_Series-2.1.3.156/driverlib/ccs/Debug/driverlib.lib
       gpio.obj                       378    0         0      
       sysctl.obj                     108    0         0      
    +--+------------------------------+------+---------+---------+
       Total:                         486    0         0      
                                                              
    D:\ti\ccsv8\tools\compiler\ti-cgt-arm_18.9.0.STS\lib\rtsv7M4_T_le_v4SPD16_eabi.lib
       boot_cortex_m.c.obj            44     0         0      
       exit.c.obj                     4      0         0      
       pre_init.c.obj                 4      0         0      
    +--+------------------------------+------+---------+---------+
       Total:                         52     0         0      
                                                              
       Stack:                         0      0         512    
    +--+------------------------------+------+---------+---------+
       Grand Total:                   684    620       512    


GLOBAL SYMBOLS: SORTED ALPHABETICALLY BY Name 

address   name                  
-------   ----                  
00000519  C$$EXIT               
000004c1  GPIODirModeSet        
0000026d  GPIOPadConfigSet      
000004eb  GPIOPinTypeGPIOOutput 
0000050f  GPIOPinWrite          
00000503  ResetISR              
000003e9  SoftDelayMs           
00000461  SysCtlPeripheralEnable
00000429  SysCtlPeripheralReady 
20000200  __STACK_END           
00000200  __STACK_SIZE          
20000200  __STACK_TOP           
ffffffff  __TI_pprof_out_hndl   
ffffffff  __TI_prof_data_size   
ffffffff  __TI_prof_data_start  
00000000  __TI_static_base__    
ffffffff  __binit__             
ffffffff  __c_args__            
UNDEFED   __mpu_init            
20000000  __stack               
00000495  _c_int00_noinit_noargs
00000515  _system_pre_init      
00000519  abort                 
ffffffff  binit                 
00000000  g_pfnVectors          
000003a1  main                  


GLOBAL SYMBOLS: SORTED BY Symbol Address 

address   name                  
-------   ----                  
00000000  __TI_static_base__    
00000000  g_pfnVectors          
00000200  __STACK_SIZE          
0000026d  GPIOPadConfigSet      
000003a1  main                  
000003e9  SoftDelayMs           
00000429  SysCtlPeripheralReady 
00000461  SysCtlPeripheralEnable
00000495  _c_int00_noinit_noargs
000004c1  GPIODirModeSet        
000004eb  GPIOPinTypeGPIOOutput 
00000503  ResetISR              
0000050f  GPIOPinWrite          
00000515  _system_pre_init      
00000519  C$$EXIT               
00000519  abort                 
20000000  __stack               
20000200  __STACK_END           
20000200  __STACK_TOP           
ffffffff  __TI_pprof_out_hndl   
ffffffff  __TI_prof_data_size   
ffffffff  __TI_prof_data_start  
ffffffff  __binit__             
ffffffff  __c_args__            
ffffffff  binit                 
UNDEFED   __mpu_init            

[26 symbols]
